EDITING DELEGATE: webViewDidChangeSelection:WebViewDidChangeSelectionNotification
EDITING DELEGATE: webViewDidChangeSelection:WebViewDidChangeSelectionNotification
EDITING DELEGATE: webViewDidChangeSelection:WebViewDidChangeSelectionNotification
EDITING DELEGATE: webViewDidChangeSelection:WebViewDidChangeSelectionNotification
EDITING DELEGATE: webViewDidChange:WebViewDidChangeNotification
layer at (0,0) size 800x600
  LayoutView at (0,0) size 800x600
layer at (0,0) size 800x600
  LayoutBlockFlow {HTML} at (0,0) size 800x600
    LayoutBlockFlow {BODY} at (8,8) size 784x576
      LayoutBlockFlow {P} at (0,0) size 784x18
        LayoutText {#text} at (0,0) size 240x18
          text run at (0,0) width 240: "This tests Copy/Paste of a input field."
      LayoutBlockFlow {DIV} at (0,34) size 784x21
        LayoutTextControl {INPUT} at (0,0) size 153x21 [bgcolor=#FFFFFF] [border: (2px inset #767676)]
        LayoutTextControl {INPUT} at (153,0) size 153x21 [bgcolor=#FFFFFF] [border: (2px inset #767676)]
      LayoutBlockFlow {UL} at (0,71) size 784x18
        LayoutListItem {LI} at (40,0) size 744x18
          LayoutOutsideListMarker {::marker} at (-17,0) size 7x18: bullet
          LayoutText {#text} at (0,0) size 44x18
            text run at (0,0) width 44: "Passed"
layer at (12,45) size 145x15
  LayoutBlockFlow {DIV} at (4,3) size 145x15
layer at (165,45) size 145x15
  LayoutBlockFlow {DIV} at (4,3) size 145x15
caret: position 1 of child 1 {INPUT} of child 2 {DIV} of body
